2017/09/13 11:11:59 P:/gocode/src/helloworld/TcpServer.go:364: 1.Println log with log.LstdFlags ...
